---
source: sebas-feishu/tests/forms_test.rs
assertion_line: 90
expression: card
---
schema: "2.0"
header:
  title:
    content: 备忘
    tag: plain_text
  template: blue
body:
  elements:
    - tag: form
      name: note
      elements:
        - tag: markdown
          content: "**标题** *"
        - tag: input
          placeholder:
            tag: plain_text
            content: 标题
          width: fill
          name: title
          required: true
          default_value: 旧标题
        - tag: markdown
          content: "**内容**"
        - tag: input
          placeholder:
            tag: plain_text
            content: 正文
          width: fill
          name: body
        - tag: markdown
          content: "**优先级** *"
        - tag: select_static
          placeholder:
            tag: plain_text
            content: 请选择
          options:
            - text:
                tag: plain_text
                content: P0
              value: p0
            - text:
                tag: plain_text
                content: P1
              value: p1
          width: fill
          type: default
          required: true
          name: priority
        - tag: button
          text:
            tag: plain_text
            content: 提交
          type: primary
          behaviors:
            - type: callback
              value:
                form: note
                op: submit
                id: n1
          form_action_type: submit
          name: note_submit
